[zertek-rp.fr/img/photo.jpg]
[backblue.gif]
[fade.gif]
[index.html]
[cache.gametracker.com/server_info/178.33.157.11_27015/b_560_95_1.png]
[zertek-rp.fr/img/GtgrOaf.jpg]
[zertek-rp.fr/img/8HDOzEX.jpg]
[zertek-rp.fr/img/m3DHYTJ.jpg]
[zertek-rp.fr/img/qwKuOMn.jpg]
[zertek-rp.fr/js/jquery.js]
[zertek-rp.fr/js/bootstrap.min.js]
[www.google-analytics.com/analytics.js]
[zertek-rp.fr/index.html]
[zertek-rp.fr/fonts/glyphicons-halflings-regular.eot]
[zertek-rp.fr/fonts/glyphicons-halflings-regulard41d.eot]
[zertek-rp.fr/fonts/glyphicons-halflings-regular.woff2]
[zertek-rp.fr/fonts/glyphicons-halflings-regular.woff]
[zertek-rp.fr/fonts/glyphicons-halflings-regular.ttf]
[zertek-rp.fr/css/bootstrap.min.css]
[zertek-rp.fr/img/AqL5fAk.jpg]
[zertek-rp.fr/css/stylish-portfolio.css]
[zertek-rp.fr/font-awesome/fonts/fontawesome-webfonte0a5.eot]
[zertek-rp.fr/font-awesome/fonts/fontawesome-webfontd41d.eot]
[zertek-rp.fr/font-awesome/fonts/fontawesome-webfonte0a5.woff2]
[zertek-rp.fr/font-awesome/fonts/fontawesome-webfonte0a5.woff]
[zertek-rp.fr/font-awesome/fonts/fontawesome-webfonte0a5.ttf]
[zertek-rp.fr/font-awesome/css/font-awesome.min.css]
[zertek-rp.fr/fonts/glyphicons-halflings-regular.svg]
[zertek-rp.fr/css/fonts/bebasneue.html]
[zertek-rp.fr/css/fonts/steelfishrg.html]
[zertek-rp.fr/img/callout.html]
[zertek-rp.fr/font-awesome/fonts/fontawesome-webfonte0a5.svg]
